[2026-04-19T03:46:43.908068+00:00] VALIDASI LOGIN.INFO: <=== LOLOS TAHAP 1 =====>  
[2026-04-19T03:46:43.914898+00:00] VALIDASI LOGIN.INFO: <=== LOLOS TAHAP 2 =====>  
[2026-04-19T03:46:44.187429+00:00] BUAT-HISTORY-LOGIN.INFO: <=== MULAI PROSES SIMPAN DATA HISTORY LOGIN =====>  
[2026-04-19T03:46:44.190335+00:00] BUAT-HISTORY-LOGIN.INFO: berhasil buat code PK HistoryLoginUser  
[2026-04-19T03:46:44.362868+00:00] BUAT-HISTORY-LOGIN.INFO: === BERHASIL SIMPAN DATA HISTORY LOGIN ===  
[2026-04-19T03:46:49.259167+00:00] VALIDASI LOGIN.INFO: <=== LOLOS TAHAP 1 =====>  
[2026-04-19T03:46:49.264393+00:00] VALIDASI LOGIN.INFO: <=== LOLOS TAHAP 2 =====>  
[2026-04-19T03:46:49.523671+00:00] BUAT-HISTORY-LOGIN.INFO: <=== MULAI PROSES SIMPAN DATA HISTORY LOGIN =====>  
[2026-04-19T03:46:49.525704+00:00] BUAT-HISTORY-LOGIN.INFO: berhasil buat code PK HistoryLoginUser  
[2026-04-19T03:46:49.580188+00:00] BUAT-HISTORY-LOGIN.INFO: === BERHASIL SIMPAN DATA HISTORY LOGIN ===  
[2026-04-19T03:48:36.520634+00:00] VALIDASI LOGIN.INFO: <=== LOLOS TAHAP 1 =====>  
[2026-04-19T03:48:36.526164+00:00] VALIDASI LOGIN.INFO: <=== LOLOS TAHAP 2 =====>  
[2026-04-19T03:48:36.787135+00:00] BUAT-HISTORY-LOGIN.INFO: <=== MULAI PROSES SIMPAN DATA HISTORY LOGIN =====>  
[2026-04-19T03:48:36.789210+00:00] BUAT-HISTORY-LOGIN.INFO: berhasil buat code PK HistoryLoginUser  
[2026-04-19T03:48:36.841599+00:00] BUAT-HISTORY-LOGIN.INFO: === BERHASIL SIMPAN DATA HISTORY LOGIN ===  
[2026-04-19T03:48:36.842047+00:00] LOGIN.INFO: === BERHASIL SIMPAN DATA HISTORY LOGIN 2 ===  
[2026-04-19T03:49:15.996718+00:00] VALIDASI LOGIN.INFO: <=== LOLOS TAHAP 1 =====>  
[2026-04-19T03:49:16.002657+00:00] VALIDASI LOGIN.INFO: <=== LOLOS TAHAP 2 =====>  
[2026-04-19T03:49:16.266135+00:00] BUAT-HISTORY-LOGIN.INFO: <=== MULAI PROSES SIMPAN DATA HISTORY LOGIN =====>  
[2026-04-19T03:49:16.268193+00:00] BUAT-HISTORY-LOGIN.INFO: berhasil buat code PK HistoryLoginUser  
[2026-04-19T03:49:16.323599+00:00] BUAT-HISTORY-LOGIN.INFO: === BERHASIL SIMPAN DATA HISTORY LOGIN ===  
[2026-04-19T03:49:16.323971+00:00] LOGIN.INFO: === BERHASIL SIMPAN DATA HISTORY LOGIN 2 ===  
[2026-04-19T03:49:16.324260+00:00] LOGIN.INFO: === BERHASIL SIMPAN DATA HISTORY LOGIN 3 ===  
[2026-04-19T03:49:16.325298+00:00] LOGIN.INFO: === UPDATE TANGGAL LOGIN ===  
[2026-04-19T03:51:04.408776+00:00] VALIDASI LOGIN.INFO: <=== LOLOS TAHAP 1 =====>  
[2026-04-19T03:51:04.414332+00:00] VALIDASI LOGIN.INFO: <=== LOLOS TAHAP 2 =====>  
[2026-04-19T03:51:04.682764+00:00] BUAT-HISTORY-LOGIN.INFO: <=== MULAI PROSES SIMPAN DATA HISTORY LOGIN =====>  
[2026-04-19T03:51:04.684861+00:00] BUAT-HISTORY-LOGIN.INFO: berhasil buat code PK HistoryLoginUser  
[2026-04-19T03:51:04.742765+00:00] BUAT-HISTORY-LOGIN.INFO: === BERHASIL SIMPAN DATA HISTORY LOGIN ===  
[2026-04-19T03:51:04.743228+00:00] LOGIN.INFO: === BERHASIL SIMPAN DATA HISTORY LOGIN 2 ===  
[2026-04-19T03:51:04.743516+00:00] LOGIN.INFO: === BERHASIL SIMPAN DATA HISTORY LOGIN 3 ===  
[2026-04-19T03:51:04.744684+00:00] LOGIN.INFO: === UPDATE TANGGAL LOGIN ===  
[2026-04-19T03:52:40.280059+00:00] VALIDASI LOGIN.INFO: <=== LOLOS TAHAP 1 =====>  
[2026-04-19T03:52:40.286445+00:00] VALIDASI LOGIN.INFO: <=== LOLOS TAHAP 2 =====>  
[2026-04-19T03:52:40.534996+00:00] BUAT-HISTORY-LOGIN.INFO: <=== MULAI PROSES SIMPAN DATA HISTORY LOGIN =====>  
[2026-04-19T03:52:40.537362+00:00] BUAT-HISTORY-LOGIN.INFO: berhasil buat code PK HistoryLoginUser  
[2026-04-19T03:52:40.589548+00:00] BUAT-HISTORY-LOGIN.INFO: === BERHASIL SIMPAN DATA HISTORY LOGIN ===  
[2026-04-19T03:52:40.590048+00:00] LOGIN.INFO: === BERHASIL SIMPAN DATA HISTORY LOGIN 2 ===  
[2026-04-19T03:52:40.590306+00:00] LOGIN.INFO: === BERHASIL SIMPAN DATA HISTORY LOGIN 3 ===  
[2026-04-19T03:52:40.591595+00:00] LOGIN.INFO: === UPDATE TANGGAL LOGIN ===  
[2026-04-19T03:57:56.299804+00:00] VALIDASI LOGIN.INFO: <=== LOLOS TAHAP 1 =====>  
[2026-04-19T03:57:56.306189+00:00] VALIDASI LOGIN.INFO: <=== LOLOS TAHAP 2 =====>  
[2026-04-19T03:57:56.572569+00:00] BUAT-HISTORY-LOGIN.INFO: <=== MULAI PROSES SIMPAN DATA HISTORY LOGIN =====>  
[2026-04-19T03:57:56.574607+00:00] BUAT-HISTORY-LOGIN.INFO: berhasil buat code PK HistoryLoginUser  
[2026-04-19T03:57:56.630936+00:00] BUAT-HISTORY-LOGIN.INFO: === BERHASIL SIMPAN DATA HISTORY LOGIN ===  
[2026-04-19T03:57:56.631394+00:00] LOGIN.INFO: === BERHASIL SIMPAN DATA HISTORY LOGIN 2 ===  
[2026-04-19T03:57:56.631678+00:00] LOGIN.INFO: === BERHASIL SIMPAN DATA HISTORY LOGIN 3 ===  
[2026-04-19T03:57:56.632837+00:00] LOGIN.INFO: === UPDATE TANGGAL LOGIN ===  
[2026-04-19T03:57:56.635695+00:00] VALIDASI LOGIN.INFO: <=== LOLOS TAHAP 3 =====>  
[2026-04-19T03:57:56.635747+00:00] VALIDASI LOGIN.INFO: <=== BALIK KE CONTROLLER =====>  
[2026-04-19T04:44:45.084651+00:00] VALIDASI LOGIN.INFO: <=== LOLOS TAHAP 1 =====>  
[2026-04-19T04:44:45.091033+00:00] VALIDASI LOGIN.INFO: <=== LOLOS TAHAP 2 =====>  
[2026-04-19T04:44:45.343257+00:00] BUAT-HISTORY-LOGIN.INFO: <=== MULAI PROSES SIMPAN DATA HISTORY LOGIN =====>  
[2026-04-19T04:44:45.345230+00:00] BUAT-HISTORY-LOGIN.INFO: berhasil buat code PK HistoryLoginUser  
[2026-04-19T04:44:45.397975+00:00] BUAT-HISTORY-LOGIN.INFO: === BERHASIL SIMPAN DATA HISTORY LOGIN ===  
[2026-04-19T04:44:45.398483+00:00] LOGIN.INFO: === BERHASIL SIMPAN DATA HISTORY LOGIN 2 ===  
[2026-04-19T04:44:45.398743+00:00] LOGIN.INFO: === BERHASIL SIMPAN DATA HISTORY LOGIN 3 ===  
[2026-04-19T04:44:45.399853+00:00] LOGIN.INFO: === UPDATE TANGGAL LOGIN ===  
[2026-04-19T04:44:45.402565+00:00] VALIDASI LOGIN.INFO: <=== LOLOS TAHAP 3 =====>  
[2026-04-19T04:44:45.402614+00:00] VALIDASI LOGIN.INFO: <=== BALIK KE CONTROLLER =====>  
[2026-04-19T04:44:45.409505+00:00] VALIDASI LOGIN.INFO: <=== BERHASIL LOGIN =====>  
[2026-04-19T04:50:46.939111+00:00] VALIDASI LOGIN.INFO: <=== LOLOS TAHAP 1 =====>  
[2026-04-19T04:50:46.945663+00:00] VALIDASI LOGIN.INFO: <=== LOLOS TAHAP 2 =====>  
[2026-04-19T04:50:47.205297+00:00] BUAT-HISTORY-LOGIN.INFO: <=== MULAI PROSES SIMPAN DATA HISTORY LOGIN =====>  
[2026-04-19T04:50:47.207601+00:00] BUAT-HISTORY-LOGIN.INFO: berhasil buat code PK HistoryLoginUser  
[2026-04-19T04:50:47.260516+00:00] BUAT-HISTORY-LOGIN.INFO: === BERHASIL SIMPAN DATA HISTORY LOGIN ===  
[2026-04-19T04:50:47.261054+00:00] LOGIN.INFO: === BERHASIL SIMPAN DATA HISTORY LOGIN 2 ===  
[2026-04-19T04:50:47.261313+00:00] LOGIN.INFO: === BERHASIL SIMPAN DATA HISTORY LOGIN 3 ===  
[2026-04-19T04:50:47.262642+00:00] LOGIN.INFO: === UPDATE TANGGAL LOGIN ===  
[2026-04-19T04:50:47.265581+00:00] VALIDASI LOGIN.INFO: <=== LOLOS TAHAP 3 =====>  
[2026-04-19T04:50:47.265638+00:00] VALIDASI LOGIN.INFO: <=== BALIK KE CONTROLLER =====>  
[2026-04-19T04:50:47.271242+00:00] VALIDASI LOGIN.INFO: <=== BERHASIL LOGIN =====>  
[2026-04-19T04:51:48.125199+00:00] VALIDASI LOGIN.INFO: <=== LOLOS TAHAP 1 =====>  
[2026-04-19T04:51:48.130765+00:00] VALIDASI LOGIN.INFO: <=== LOLOS TAHAP 2 =====>  
[2026-04-19T04:51:48.393099+00:00] BUAT-HISTORY-LOGIN.INFO: <=== MULAI PROSES SIMPAN DATA HISTORY LOGIN =====>  
[2026-04-19T04:51:48.395494+00:00] BUAT-HISTORY-LOGIN.INFO: berhasil buat code PK HistoryLoginUser  
[2026-04-19T04:51:48.447561+00:00] BUAT-HISTORY-LOGIN.INFO: === BERHASIL SIMPAN DATA HISTORY LOGIN ===  
[2026-04-19T04:51:48.447897+00:00] LOGIN.INFO: === BERHASIL SIMPAN DATA HISTORY LOGIN 2 ===  
[2026-04-19T04:51:48.448178+00:00] LOGIN.INFO: === BERHASIL SIMPAN DATA HISTORY LOGIN 3 ===  
[2026-04-19T04:51:48.449201+00:00] LOGIN.INFO: === UPDATE TANGGAL LOGIN ===  
[2026-04-19T04:51:48.451600+00:00] VALIDASI LOGIN.INFO: <=== LOLOS TAHAP 3 =====>  
[2026-04-19T04:51:48.451649+00:00] VALIDASI LOGIN.INFO: <=== BALIK KE CONTROLLER =====>  
[2026-04-19T04:51:48.456548+00:00] VALIDASI LOGIN.INFO: <=== BERHASIL LOGIN =====>  
[2026-04-19T04:52:06.738315+00:00] VALIDASI LOGIN.INFO: <=== LOLOS TAHAP 1 =====>  
[2026-04-19T04:52:06.743658+00:00] VALIDASI LOGIN.INFO: <=== LOLOS TAHAP 2 =====>  
[2026-04-19T04:52:07.005349+00:00] BUAT-HISTORY-LOGIN.INFO: <=== MULAI PROSES SIMPAN DATA HISTORY LOGIN =====>  
[2026-04-19T04:52:07.007548+00:00] BUAT-HISTORY-LOGIN.INFO: berhasil buat code PK HistoryLoginUser  
[2026-04-19T04:52:07.062711+00:00] BUAT-HISTORY-LOGIN.INFO: === BERHASIL SIMPAN DATA HISTORY LOGIN ===  
[2026-04-19T04:52:07.063228+00:00] LOGIN.INFO: === BERHASIL SIMPAN DATA HISTORY LOGIN 2 ===  
[2026-04-19T04:52:07.063512+00:00] LOGIN.INFO: === BERHASIL SIMPAN DATA HISTORY LOGIN 3 ===  
[2026-04-19T04:52:07.064743+00:00] LOGIN.INFO: === UPDATE TANGGAL LOGIN ===  
[2026-04-19T04:52:07.067271+00:00] VALIDASI LOGIN.INFO: <=== LOLOS TAHAP 3 =====>  
[2026-04-19T04:52:07.067325+00:00] VALIDASI LOGIN.INFO: <=== BALIK KE CONTROLLER =====>  
[2026-04-19T04:52:07.072108+00:00] VALIDASI LOGIN.INFO: <=== BERHASIL LOGIN =====>  
[2026-04-19T04:53:53.256935+00:00] VALIDASI LOGIN.INFO: <=== LOLOS TAHAP 1 =====>  
[2026-04-19T04:53:53.262843+00:00] VALIDASI LOGIN.INFO: <=== LOLOS TAHAP 2 =====>  
[2026-04-19T04:53:53.512101+00:00] BUAT-HISTORY-LOGIN.INFO: <=== MULAI PROSES SIMPAN DATA HISTORY LOGIN =====>  
[2026-04-19T04:53:53.514422+00:00] BUAT-HISTORY-LOGIN.INFO: berhasil buat code PK HistoryLoginUser  
[2026-04-19T04:53:53.566780+00:00] BUAT-HISTORY-LOGIN.INFO: === BERHASIL SIMPAN DATA HISTORY LOGIN ===  
[2026-04-19T04:53:53.567203+00:00] LOGIN.INFO: === BERHASIL SIMPAN DATA HISTORY LOGIN 2 ===  
[2026-04-19T04:53:53.567475+00:00] LOGIN.INFO: === BERHASIL SIMPAN DATA HISTORY LOGIN 3 ===  
[2026-04-19T04:53:53.568633+00:00] LOGIN.INFO: === UPDATE TANGGAL LOGIN ===  
[2026-04-19T04:53:53.571387+00:00] VALIDASI LOGIN.INFO: <=== LOLOS TAHAP 3 =====>  
[2026-04-19T04:53:53.571432+00:00] VALIDASI LOGIN.INFO: <=== BALIK KE CONTROLLER =====>  
[2026-04-19T04:53:53.577007+00:00] VALIDASI LOGIN.INFO: <=== BERHASIL LOGIN =====>  
[2026-04-19T04:58:33.288769+00:00] VALIDASI LOGIN.INFO: <=== LOLOS TAHAP 1 =====>  
[2026-04-19T04:58:33.294758+00:00] VALIDASI LOGIN.INFO: <=== LOLOS TAHAP 2 =====>  
[2026-04-19T04:58:33.560247+00:00] BUAT-HISTORY-LOGIN.INFO: <=== MULAI PROSES SIMPAN DATA HISTORY LOGIN =====>  
[2026-04-19T04:58:33.562362+00:00] BUAT-HISTORY-LOGIN.INFO: berhasil buat code PK HistoryLoginUser  
[2026-04-19T04:58:33.615632+00:00] BUAT-HISTORY-LOGIN.INFO: === BERHASIL SIMPAN DATA HISTORY LOGIN ===  
[2026-04-19T04:58:33.616097+00:00] LOGIN.INFO: === BERHASIL SIMPAN DATA HISTORY LOGIN 2 ===  
[2026-04-19T04:58:33.616395+00:00] LOGIN.INFO: === BERHASIL SIMPAN DATA HISTORY LOGIN 3 ===  
[2026-04-19T04:58:33.617553+00:00] LOGIN.INFO: === UPDATE TANGGAL LOGIN ===  
[2026-04-19T04:58:33.620481+00:00] VALIDASI LOGIN.INFO: <=== LOLOS TAHAP 3 =====>  
[2026-04-19T04:58:33.626243+00:00] VALIDASI LOGIN.INFO: <=== BERHASIL LOGIN =====>  
[2026-04-19T04:59:15.934336+00:00] VALIDASI LOGIN.INFO: <=== LOLOS TAHAP 1 =====>  
[2026-04-19T04:59:15.940064+00:00] VALIDASI LOGIN.INFO: <=== LOLOS TAHAP 2 =====>  
[2026-04-19T04:59:16.197351+00:00] BUAT-HISTORY-LOGIN.INFO: <=== MULAI PROSES SIMPAN DATA HISTORY LOGIN =====>  
[2026-04-19T04:59:16.199483+00:00] BUAT-HISTORY-LOGIN.INFO: berhasil buat code PK HistoryLoginUser  
[2026-04-19T04:59:16.254726+00:00] BUAT-HISTORY-LOGIN.INFO: === BERHASIL SIMPAN DATA HISTORY LOGIN ===  
[2026-04-19T04:59:16.255176+00:00] LOGIN.INFO: === BERHASIL SIMPAN DATA HISTORY LOGIN 2 ===  
[2026-04-19T04:59:16.255472+00:00] LOGIN.INFO: === BERHASIL SIMPAN DATA HISTORY LOGIN 3 ===  
[2026-04-19T04:59:16.256726+00:00] LOGIN.INFO: === UPDATE TANGGAL LOGIN ===  
[2026-04-19T04:59:16.259732+00:00] VALIDASI LOGIN.INFO: <=== LOLOS TAHAP 3 =====>  
[2026-04-19T04:59:16.265856+00:00] VALIDASI LOGIN.INFO: <=== BERHASIL LOGIN =====>  
[2026-04-19T05:00:19.026090+00:00] VALIDASI LOGIN.INFO: <=== LOLOS TAHAP 1 =====>  
[2026-04-19T05:00:19.031936+00:00] VALIDASI LOGIN.INFO: <=== LOLOS TAHAP 2 =====>  
[2026-04-19T05:00:19.298819+00:00] BUAT-HISTORY-LOGIN.INFO: <=== MULAI PROSES SIMPAN DATA HISTORY LOGIN =====>  
[2026-04-19T05:00:19.301077+00:00] BUAT-HISTORY-LOGIN.INFO: berhasil buat code PK HistoryLoginUser  
[2026-04-19T05:00:19.361731+00:00] BUAT-HISTORY-LOGIN.INFO: === BERHASIL SIMPAN DATA HISTORY LOGIN ===  
[2026-04-19T05:00:19.362059+00:00] LOGIN.INFO: === BERHASIL SIMPAN DATA HISTORY LOGIN 2 ===  
[2026-04-19T05:00:19.362337+00:00] LOGIN.INFO: === BERHASIL SIMPAN DATA HISTORY LOGIN 3 ===  
[2026-04-19T05:00:19.363339+00:00] LOGIN.INFO: === UPDATE TANGGAL LOGIN ===  
[2026-04-19T05:00:19.365813+00:00] VALIDASI LOGIN.INFO: <=== LOLOS TAHAP 3 =====>  
[2026-04-19T05:00:19.370973+00:00] VALIDASI LOGIN.INFO: <=== BERHASIL LOGIN =====>  
[2026-04-19T05:01:18.642688+00:00] VALIDASI LOGIN.INFO: <=== LOLOS TAHAP 1 =====>  
[2026-04-19T05:01:18.648405+00:00] VALIDASI LOGIN.INFO: <=== LOLOS TAHAP 2 =====>  
[2026-04-19T05:01:18.903843+00:00] BUAT-HISTORY-LOGIN.INFO: <=== MULAI PROSES SIMPAN DATA HISTORY LOGIN =====>  
[2026-04-19T05:01:18.905923+00:00] BUAT-HISTORY-LOGIN.INFO: berhasil buat code PK HistoryLoginUser  
[2026-04-19T05:01:18.960953+00:00] BUAT-HISTORY-LOGIN.INFO: === BERHASIL SIMPAN DATA HISTORY LOGIN ===  
[2026-04-19T05:01:18.961409+00:00] LOGIN.INFO: === BERHASIL SIMPAN DATA HISTORY LOGIN 2 ===  
[2026-04-19T05:01:18.961695+00:00] LOGIN.INFO: === BERHASIL SIMPAN DATA HISTORY LOGIN 3 ===  
[2026-04-19T05:01:18.962929+00:00] LOGIN.INFO: === UPDATE TANGGAL LOGIN ===  
[2026-04-19T05:01:18.965812+00:00] VALIDASI LOGIN.INFO: <=== LOLOS TAHAP 3 =====>  
[2026-04-19T05:01:18.971670+00:00] VALIDASI LOGIN.INFO: <=== BERHASIL LOGIN =====>  
[2026-04-19T05:03:35.385257+00:00] VALIDASI LOGIN.INFO: <=== LOLOS TAHAP 1 =====>  
[2026-04-19T05:03:35.391056+00:00] VALIDASI LOGIN.INFO: <=== LOLOS TAHAP 2 =====>  
[2026-04-19T05:03:35.640534+00:00] BUAT-HISTORY-LOGIN.INFO: <=== MULAI PROSES SIMPAN DATA HISTORY LOGIN =====>  
[2026-04-19T05:03:35.642705+00:00] BUAT-HISTORY-LOGIN.INFO: berhasil buat code PK HistoryLoginUser  
[2026-04-19T05:03:35.710139+00:00] BUAT-HISTORY-LOGIN.INFO: === BERHASIL SIMPAN DATA HISTORY LOGIN ===  
[2026-04-19T05:03:35.710563+00:00] LOGIN.INFO: === BERHASIL SIMPAN DATA HISTORY LOGIN 2 ===  
[2026-04-19T05:03:35.710846+00:00] LOGIN.INFO: === BERHASIL SIMPAN DATA HISTORY LOGIN 3 ===  
[2026-04-19T05:03:35.712033+00:00] LOGIN.INFO: === UPDATE TANGGAL LOGIN ===  
[2026-04-19T05:03:35.714747+00:00] VALIDASI LOGIN.INFO: <=== LOLOS TAHAP 3 =====>  
[2026-04-19T05:03:35.720680+00:00] VALIDASI LOGIN.INFO: <=== BERHASIL LOGIN =====>  
[2026-04-19T05:11:12.411715+00:00] VALIDASI LOGIN.INFO: <=== LOLOS TAHAP 1 =====>  
[2026-04-19T05:11:12.417958+00:00] VALIDASI LOGIN.INFO: <=== LOLOS TAHAP 2 =====>  
[2026-04-19T05:11:12.671437+00:00] BUAT-HISTORY-LOGIN.INFO: <=== MULAI PROSES SIMPAN DATA HISTORY LOGIN =====>  
[2026-04-19T05:11:12.673592+00:00] BUAT-HISTORY-LOGIN.INFO: berhasil buat code PK HistoryLoginUser  
[2026-04-19T05:11:12.730483+00:00] BUAT-HISTORY-LOGIN.INFO: === BERHASIL SIMPAN DATA HISTORY LOGIN ===  
[2026-04-19T05:11:12.730973+00:00] LOGIN.INFO: === BERHASIL SIMPAN DATA HISTORY LOGIN 2 ===  
[2026-04-19T05:11:12.731292+00:00] LOGIN.INFO: === BERHASIL SIMPAN DATA HISTORY LOGIN 3 ===  
[2026-04-19T05:11:12.732470+00:00] LOGIN.INFO: === UPDATE TANGGAL LOGIN ===  
[2026-04-19T05:11:12.735732+00:00] VALIDASI LOGIN.INFO: <=== LOLOS TAHAP 3 =====>  
[2026-04-19T05:11:12.741555+00:00] VALIDASI LOGIN.INFO: <=== BERHASIL LOGIN =====>  
[2026-04-19T05:22:24.992365+00:00] VALIDASI LOGIN.INFO: <=== LOLOS TAHAP 1 =====>  
[2026-04-19T05:22:24.998747+00:00] VALIDASI LOGIN.INFO: <=== LOLOS TAHAP 2 =====>  
[2026-04-19T05:22:25.256822+00:00] BUAT-HISTORY-LOGIN.INFO: <=== MULAI PROSES SIMPAN DATA HISTORY LOGIN =====>  
[2026-04-19T05:22:25.259174+00:00] BUAT-HISTORY-LOGIN.INFO: berhasil buat code PK HistoryLoginUser  
[2026-04-19T05:22:25.316309+00:00] BUAT-HISTORY-LOGIN.INFO: === BERHASIL SIMPAN DATA HISTORY LOGIN ===  
[2026-04-19T05:22:25.316687+00:00] LOGIN.INFO: === BERHASIL SIMPAN DATA HISTORY LOGIN 2 ===  
[2026-04-19T05:22:25.316970+00:00] LOGIN.INFO: === BERHASIL SIMPAN DATA HISTORY LOGIN 3 ===  
[2026-04-19T05:22:25.318066+00:00] LOGIN.INFO: === UPDATE TANGGAL LOGIN ===  
[2026-04-19T05:22:25.320879+00:00] VALIDASI LOGIN.INFO: <=== LOLOS TAHAP 3 =====>  
[2026-04-19T05:22:27.959765+00:00] VALIDASI LOGIN.INFO: <=== LOLOS TAHAP 1 =====>  
[2026-04-19T05:22:27.965119+00:00] VALIDASI LOGIN.INFO: <=== LOLOS TAHAP 2 =====>  
[2026-04-19T05:22:28.212615+00:00] BUAT-HISTORY-LOGIN.INFO: <=== MULAI PROSES SIMPAN DATA HISTORY LOGIN =====>  
[2026-04-19T05:22:28.214687+00:00] BUAT-HISTORY-LOGIN.INFO: berhasil buat code PK HistoryLoginUser  
[2026-04-19T05:22:28.269090+00:00] BUAT-HISTORY-LOGIN.INFO: === BERHASIL SIMPAN DATA HISTORY LOGIN ===  
[2026-04-19T05:22:28.269603+00:00] LOGIN.INFO: === BERHASIL SIMPAN DATA HISTORY LOGIN 2 ===  
[2026-04-19T05:22:28.269890+00:00] LOGIN.INFO: === BERHASIL SIMPAN DATA HISTORY LOGIN 3 ===  
[2026-04-19T05:22:28.271028+00:00] LOGIN.INFO: === UPDATE TANGGAL LOGIN ===  
[2026-04-19T05:22:28.273482+00:00] VALIDASI LOGIN.INFO: <=== LOLOS TAHAP 3 =====>  
[2026-04-19T05:22:39.066589+00:00] VALIDASI LOGIN.INFO: <=== LOLOS TAHAP 1 =====>  
[2026-04-19T05:22:39.072187+00:00] VALIDASI LOGIN.INFO: <=== LOLOS TAHAP 2 =====>  
[2026-04-19T05:22:39.324151+00:00] BUAT-HISTORY-LOGIN.INFO: <=== MULAI PROSES SIMPAN DATA HISTORY LOGIN =====>  
[2026-04-19T05:22:39.326565+00:00] BUAT-HISTORY-LOGIN.INFO: berhasil buat code PK HistoryLoginUser  
[2026-04-19T05:22:39.377185+00:00] BUAT-HISTORY-LOGIN.INFO: === BERHASIL SIMPAN DATA HISTORY LOGIN ===  
[2026-04-19T05:22:39.377607+00:00] LOGIN.INFO: === BERHASIL SIMPAN DATA HISTORY LOGIN 2 ===  
[2026-04-19T05:22:39.377890+00:00] LOGIN.INFO: === BERHASIL SIMPAN DATA HISTORY LOGIN 3 ===  
[2026-04-19T05:22:39.378945+00:00] LOGIN.INFO: === UPDATE TANGGAL LOGIN ===  
[2026-04-19T05:22:39.381440+00:00] VALIDASI LOGIN.INFO: <=== LOLOS TAHAP 3 =====>  
[2026-04-19T05:22:46.833527+00:00] VALIDASI LOGIN.INFO: <=== LOLOS TAHAP 1 =====>  
[2026-04-19T05:22:46.838690+00:00] VALIDASI LOGIN.INFO: <=== LOLOS TAHAP 2 =====>  
[2026-04-19T05:22:47.084941+00:00] BUAT-HISTORY-LOGIN.INFO: <=== MULAI PROSES SIMPAN DATA HISTORY LOGIN =====>  
[2026-04-19T05:22:47.087332+00:00] BUAT-HISTORY-LOGIN.INFO: berhasil buat code PK HistoryLoginUser  
[2026-04-19T05:22:47.139171+00:00] BUAT-HISTORY-LOGIN.INFO: === BERHASIL SIMPAN DATA HISTORY LOGIN ===  
[2026-04-19T05:22:47.139741+00:00] LOGIN.INFO: === BERHASIL SIMPAN DATA HISTORY LOGIN 2 ===  
[2026-04-19T05:22:47.140015+00:00] LOGIN.INFO: === BERHASIL SIMPAN DATA HISTORY LOGIN 3 ===  
[2026-04-19T05:22:47.141258+00:00] LOGIN.INFO: === UPDATE TANGGAL LOGIN ===  
[2026-04-19T05:22:47.143771+00:00] VALIDASI LOGIN.INFO: <=== LOLOS TAHAP 3 =====>  
[2026-04-19T05:22:47.149403+00:00] VALIDASI LOGIN.INFO: <=== BERHASIL LOGIN =====>  
